The above stacktrace can help determine where the error occurred.
See https://wpilib.org/stacktrace for more information.
Error at edu.wpi.first.wpilibj.RobotBase.runRobot(RobotBase.java:457): The startCompetition() method (or methods called by it) should have handled the exception above.
********** Robot program starting **********
NT: Listening on NT3 port 1735, NT4 port 5810
NT: Got a NT3 connection from 172.22.11.1 port 58081
NT: CONNECTED NT3 client 'SmartDashboard-NT3@172.22.11.1:58081' (from 172.22.11.1:58081)
StatusLogger: It is not recommended to log to RoboRIO internal storage. Plug in a flash drive.
StatusLogger: Logging REVLOG to '/home/lvuser/logs/REV_TBD_95dd5e849d929104.revlog'
StatusLogger: Renamed REVLOG from 'REV_TBD_95dd5e849d929104.revlog' to 'REV_20260220_215004.revlog' at '/home/lvuser/logs/REV_20260220_215004.revlog'
Could not transmit CAN Frame.
[Spark Flex] IDs: 4, timed out while waiting for Get Motor Interface: HAL: CAN Receive has Timed Out
[Spark Flex] IDs: 4, Unable to retrieve SPARK firmware version. Please verify the deviceID field matches the configured CAN ID of the controller, and that the controller is connected to the CAN Bus.
CANSparkFlex object created for CAN ID 4, which is not a SPARK Flex. Some functionalities may not work.
Warning at com.revrobotics.spark.SparkFlex.<init>(SparkFlex.java:65): CANSparkFlex object created for CAN ID 4, which is not a SPARK Flex. Some functionalities may not work.
at com.revrobotics.spark.SparkFlex.<init>(SparkFlex.java:65)
at frc.robot.SwerveModule.<init>(SwerveModule.java:64)
at frc.robot.subsystems.DriveSubsystem.<init>(DriveSubsystem.java:30)
at frc.robot.RobotContainer.<init>(RobotContainer.java:43)
at frc.robot.Robot.robotInit(Robot.java:23)
at edu.wpi.first.wpilibj.TimedRobot.startCompetition(TimedRobot.java:126)
at edu.wpi.first.wpilibj.RobotBase.runRobot(RobotBase.java:436)
at edu.wpi.first.wpilibj.RobotBase.startRobot(RobotBase.java:527)
at frc.robot.Main.main(Main.java:9)
[Spark Flex] IDs: 4, timed out while waiting for Getting SPARK Model failed. Unable to account for device-specific behavior differences.
[Spark Flex] IDs: 7, Unable to retrieve SPARK firmware version. Please verify the deviceID field matches the configured CAN ID of the controller, and that the controller is connected to the CAN Bus.
[phoenix] Library initialization is complete.
CANSparkFlex object created for CAN ID 7, which is not a SPARK Flex. Some functionalities may not work.
Warning at com.revrobotics.spark.SparkFlex.<init>(SparkFlex.java:65): CANSparkFlex object created for CAN ID 7, which is not a SPARK Flex. Some functionalities may not work.
at com.revrobotics.spark.SparkFlex.<init>(SparkFlex.java:65)
at frc.robot.SwerveModule.<init>(SwerveModule.java:65)
at frc.robot.subsystems.DriveSubsystem.<init>(DriveSubsystem.java:36)
at frc.robot.RobotContainer.<init>(RobotContainer.java:43)
at frc.robot.Robot.robotInit(Robot.java:23)
at edu.wpi.first.wpilibj.TimedRobot.startCompetition(TimedRobot.java:126)
at edu.wpi.first.wpilibj.RobotBase.runRobot(RobotBase.java:436)
at edu.wpi.first.wpilibj.RobotBase.startRobot(RobotBase.java:527)
at frc.robot.Main.main(Main.java:9)
Could not transmit CAN Frame.
[Spark Flex] IDs: 7, timed out while waiting for Period Status 0: HAL: CAN Receive has Timed Out
[Spark Flex] IDs: 12, Unable to retrieve SPARK firmware version. Please verify the deviceID field matches the configured CAN ID of the controller, and that the controller is connected to the CAN Bus.
[phoenix-diagnostics] Server 2026.1.1 (Jan 23 2026, 23:30:20) running on port: 1250
[phoenix] Signal Logger Started (Network: rio)
CANSparkFlex object created for CAN ID 12, which is not a SPARK Flex. Some functionalities may not work.
Warning at com.revrobotics.spark.SparkFlex.<init>(SparkFlex.java:65): CANSparkFlex object created for CAN ID 12, which is not a SPARK Flex. Some functionalities may not work.
at com.revrobotics.spark.SparkFlex.<init>(SparkFlex.java:65)
at frc.robot.SwerveModule.<init>(SwerveModule.java:64)
at frc.robot.subsystems.DriveSubsystem.<init>(DriveSubsystem.java:42)
at frc.robot.RobotContainer.<init>(RobotContainer.java:43)
at frc.robot.Robot.robotInit(Robot.java:23)
at edu.wpi.first.wpilibj.TimedRobot.startCompetition(TimedRobot.java:126)
at edu.wpi.first.wpilibj.RobotBase.runRobot(RobotBase.java:436)
at edu.wpi.first.wpilibj.RobotBase.startRobot(RobotBase.java:527)
at frc.robot.Main.main(Main.java:9)
[Spark Flex] IDs: 12, timed out while waiting for Getting SPARK Model failed. Unable to account for device-specific behavior differences.
Could not find an ADIS16470; got product ID 0
Error at edu.wpi.first.wpilibj.ADIS16470_IMU.switchToStandardSPI(ADIS16470_IMU.java:488): Could not find an ADIS16470; got product ID 0
Finished cleaning up after the IMU driver.
Instantiating NavX on roboRIO MXP Port.
NavX: Library for FRC
Unhandled exception: java.lang.IllegalStateException: A CANSparkMax instance has already been created with this device ID: 8
Error at com.revrobotics.spark.SparkLowLevel.<init>(SparkLowLevel.java:233): Unhandled exception: java.lang.IllegalStateException: A CANSparkMax instance has already been created with this device ID: 8
at com.revrobotics.spark.SparkLowLevel.<init>(SparkLowLevel.java:233)
at com.revrobotics.spark.SparkBase.<init>(SparkBase.java:174)
at com.revrobotics.spark.SparkFlex.<init>(SparkFlex.java:61)
at frc.robot.SwerveModule.<init>(SwerveModule.java:64)
at frc.robot.subsystems.DriveSubsystem.<init>(DriveSubsystem.java:24)
at frc.robot.RobotContainer.<init>(RobotContainer.java:44)
at frc.robot.Robot.robotInit(Robot.java:23)
at edu.wpi.first.wpilibj.TimedRobot.startCompetition(TimedRobot.java:126)
at edu.wpi.first.wpilibj.RobotBase.runRobot(RobotBase.java:436)
at edu.wpi.first.wpilibj.RobotBase.startRobot(RobotBase.java:527)
at frc.robot.Main.main(Main.java:9)
The robot program quit unexpectedly. This is usually due to a code error.
The above stacktrace can help determine where the error occurred.
See https://wpilib.org/stacktrace for more information.
Warning at edu.wpi.first.wpilibj.RobotBase.runRobot(RobotBase.java:450): The robot program quit unexpectedly. This is usually due to a code error.
The above stacktrace can help determine where the error occurred.
See https://wpilib.org/stacktrace for more information.
The startCompetition() method (or methods called by it) should have handled the exception above.
Error at edu.wpi.first.wpilibj.RobotBase.runRobot(RobotBase.java:457): The startCompetition() method (or methods called by it) should have handled the exception above.
********** Robot program starting **********
NT: Listening on NT3 port 1735, NT4 port 5810
NT: Got a NT3 connection from 172.22.11.1 port 58093
NT: CONNECTED NT3 client 'SmartDashboard-NT3@172.22.11.1:58093' (from 172.22.11.1:58093)
StatusLogger: It is not recommended to log to RoboRIO internal storage. Plug in a flash drive.
StatusLogger: Logging REVLOG to '/home/lvuser/logs/REV_TBD_c2b3f44e4cd90431.revlog'
StatusLogger: Renamed REVLOG from 'REV_TBD_c2b3f44e4cd90431.revlog' to 'REV_20260220_215015.revlog' at '/home/lvuser/logs/REV_20260220_215015.revlog'
Could not transmit CAN Frame.
[Spark Flex] IDs: 4, timed out while waiting for Period Status 0: HAL: CAN Receive has Timed Out
[Spark Flex] IDs: 4, Unable to retrieve SPARK firmware version. Please verify the deviceID field matches the configured CAN ID of the controller, and that the controller is connected to the CAN Bus.
Fri Feb 20 21:50:16 UTC 2026 - Killing robot code in frcKillRobot.sh
[phoenix-diagnostics] Server shutdown cleanly. (dur:0)
[phoenix] Library shutdown cleanly
********** Robot program starting **********
NT: Listening on NT3 port 1735, NT4 port 5810
NT: Got a NT3 connection from 172.22.11.1 port 58134
NT: CONNECTED NT3 client 'SmartDashboard-NT3@172.22.11.1:58134' (from 172.22.11.1:58134)
NT: Got a NT3 connection from 172.22.11.1 port 58143
NT: NT3 socket error: socket is not connected
NT: DISCONNECTED NT3 client '' (from 172.22.11.1:58143): remote end closed connection
StatusLogger: It is not recommended to log to RoboRIO internal storage. Plug in a flash drive.
StatusLogger: Logging REVLOG to '/home/lvuser/logs/REV_TBD_d190e25b4b032ed9.revlog'
StatusLogger: Renamed REVLOG from 'REV_TBD_d190e25b4b032ed9.revlog' to 'REV_20260220_215022.revlog' at '/home/lvuser/logs/REV_20260220_215022.revlog'
Could not transmit CAN Frame.
[Spark Flex] IDs: 4, timed out while waiting for Get Motor Interface: HAL: CAN Receive has Timed Out
[Spark Flex] IDs: 4, Unable to retrieve SPARK firmware version. Please verify the deviceID field matches the configured CAN ID of the controller, and that the controller is connected to the CAN Bus.
CANSparkFlex object created for CAN ID 4, which is not a SPARK Flex. Some functionalities may not work.
Warning at com.revrobotics.spark.SparkFlex.<init>(SparkFlex.java:65): CANSparkFlex object created for CAN ID 4, which is not a SPARK Flex. Some functionalities may not work.
at com.revrobotics.spark.SparkFlex.<init>(SparkFlex.java:65)
at frc.robot.SwerveModule.<init>(SwerveModule.java:64)
at frc.robot.subsystems.DriveSubsystem.<init>(DriveSubsystem.java:30)
at frc.robot.RobotContainer.<init>(RobotContainer.java:43)
at frc.robot.Robot.robotInit(Robot.java:23)
at edu.wpi.first.wpilibj.TimedRobot.startCompetition(TimedRobot.java:126)
at edu.wpi.first.wpilibj.RobotBase.runRobot(RobotBase.java:436)
at edu.wpi.first.wpilibj.RobotBase.startRobot(RobotBase.java:527)
at frc.robot.Main.main(Main.java:9)
[Spark Flex] IDs: 4, timed out while waiting for Getting SPARK Model failed. Unable to account for device-specific behavior differences.
[Spark Flex] IDs: 7, Unable to retrieve SPARK firmware version. Please verify the deviceID field matches the configured CAN ID of the controller, and that the controller is connected to the CAN Bus.
[phoenix] Library initialization is complete.
CANSparkFlex object created for CAN ID 7, which is not a SPARK Flex. Some functionalities may not work.
Warning at com.revrobotics.spark.SparkFlex.<init>(SparkFlex.java:65): CANSparkFlex object created for CAN ID 7, which is not a SPARK Flex. Some functionalities may not work.
at com.revrobotics.spark.SparkFlex.<init>(SparkFlex.java:65)
at frc.robot.SwerveModule.<init>(SwerveModule.java:65)
at frc.robot.subsystems.DriveSubsystem.<init>(DriveSubsystem.java:36)
at frc.robot.RobotContainer.<init>(RobotContainer.java:43)
at frc.robot.Robot.robotInit(Robot.java:23)
at edu.wpi.first.wpilibj.TimedRobot.startCompetition(TimedRobot.java:126)
at edu.wpi.first.wpilibj.RobotBase.runRobot(RobotBase.java:436)
at edu.wpi.first.wpilibj.RobotBase.startRobot(RobotBase.java:527)
at frc.robot.Main.main(Main.java:9)
Could not transmit CAN Frame.
[Spark Flex] IDs: 7, timed out while waiting for Period Status 0: HAL: CAN Receive has Timed Out
[Spark Flex] IDs: 12, Unable to retrieve SPARK firmware version. Please verify the deviceID field matches the configured CAN ID of the controller, and that the controller is connected to the CAN Bus.
[phoenix-diagnostics] Server 2026.1.1 (Jan 23 2026, 23:30:20) running on port: 1250
[phoenix] Signal Logger Started (Network: rio)
CANSparkFlex object created for CAN ID 12, which is not a SPARK Flex. Some functionalities may not work.
Warning at com.revrobotics.spark.SparkFlex.<init>(SparkFlex.java:65): CANSparkFlex object created for CAN ID 12, which is not a SPARK Flex. Some functionalities may not work.
at com.revrobotics.spark.SparkFlex.<init>(SparkFlex.java:65)
at frc.robot.SwerveModule.<init>(SwerveModule.java:64)
at frc.robot.subsystems.DriveSubsystem.<init>(DriveSubsystem.java:42)
at frc.robot.RobotContainer.<init>(RobotContainer.java:43)
at frc.robot.Robot.robotInit(Robot.java:23)
at edu.wpi.first.wpilibj.TimedRobot.startCompetition(TimedRobot.java:126)
at edu.wpi.first.wpilibj.RobotBase.runRobot(RobotBase.java:436)
at edu.wpi.first.wpilibj.RobotBase.startRobot(RobotBase.java:527)
at frc.robot.Main.main(Main.java:9)
[Spark Flex] IDs: 12, timed out while waiting for Getting SPARK Model failed. Unable to account for device-specific behavior differences.
Could not find an ADIS16470; got product ID 0
Error at edu.wpi.first.wpilibj.ADIS16470_IMU.switchToStandardSPI(ADIS16470_IMU.java:488): Could not find an ADIS16470; got product ID 0
Finished cleaning up after the IMU driver.
Instantiating NavX on roboRIO MXP Port.
NavX: Library for FRC
Unhandled exception: java.lang.IllegalStateException: A CANSparkMax instance has already been created with this device ID: 8
Error at com.revrobotics.spark.SparkLowLevel.<init>(SparkLowLevel.java:233): Unhandled exception: java.lang.IllegalStateException: A CANSparkMax instance has already been created with this device ID: 8
at com.revrobotics.spark.SparkLowLevel.<init>(SparkLowLevel.java:233)
The robot program quit unexpectedly. This is usually due to a code error.
The above stacktrace can help determine where the error occurred.
See https://wpilib.org/stacktrace for more information.
at com.revrobotics.spark.SparkBase.<init>(SparkBase.java:174)
at com.revrobotics.spark.SparkFlex.<init>(SparkFlex.java:61)
The startCompetition() method (or methods called by it) should have handled the exception above.
at frc.robot.SwerveModule.<init>(SwerveModule.java:64)
at frc.robot.subsystems.DriveSubsystem.<init>(DriveSubsystem.java:24)
at frc.robot.RobotContainer.<init>(RobotContainer.java:44)
at frc.robot.Robot.robotInit(Robot.java:23)
at edu.wpi.first.wpilibj.TimedRobot.startCompetition(TimedRobot.java:126)
at edu.wpi.first.wpilibj.RobotBase.runRobot(RobotBase.java:436)
at edu.wpi.first.wpilibj.RobotBase.startRobot(RobotBase.java:527)
at frc.robot.Main.main(Main.java:9)
Warning at edu.wpi.first.wpilibj.RobotBase.runRobot(RobotBase.java:450): The robot program quit unexpectedly. This is usually due to a code error.
The above stacktrace can help determine where the error occurred.
See https://wpilib.org/stacktrace for more information.
Error at edu.wpi.first.wpilibj.RobotBase.runRobot(RobotBase.java:457): The startCompetition() method (or methods called by it) should have handled the exception above.
********** Robot program starting **********
NT: Listening on NT3 port 1735, NT4 port 5810
NT: Got a NT3 connection from 172.22.11.1 port 58154
NT: CONNECTED NT3 client 'SmartDashboard-NT3@172.22.11.1:58154' (from 172.22.11.1:58154)
StatusLogger: It is not recommended to log to RoboRIO internal storage. Plug in a flash drive.
StatusLogger: Logging REVLOG to '/home/lvuser/logs/REV_TBD_3647fac097c4fdc5.revlog'
StatusLogger: Renamed REVLOG from 'REV_TBD_3647fac097c4fdc5.revlog' to 'REV_20260220_215032.revlog' at '/home/lvuser/logs/REV_20260220_215032.revlog'
Could not transmit CAN Frame.
[Spark Flex] IDs: 4, timed out while waiting for Get Motor Interface: HAL: CAN Receive has Timed Out
[Spark Flex] IDs: 4, Unable to retrieve SPARK firmware version. Please verify the deviceID field matches the configured CAN ID of the controller, and that the controller is connected to the CAN Bus.
CANSparkFlex object created for CAN ID 4, which is not a SPARK Flex. Some functionalities may not work.
Warning at com.revrobotics.spark.SparkFlex.<init>(SparkFlex.java:65): CANSparkFlex object created for CAN ID 4, which is not a SPARK Flex. Some functionalities may not work.
at com.revrobotics.spark.SparkFlex.<init>(SparkFlex.java:65)
at frc.robot.SwerveModule.<init>(SwerveModule.java:64)
at frc.robot.subsystems.DriveSubsystem.<init>(DriveSubsystem.java:30)
at frc.robot.RobotContainer.<init>(RobotContainer.java:43)
at frc.robot.Robot.robotInit(Robot.java:23)
at edu.wpi.first.wpilibj.TimedRobot.startCompetition(TimedRobot.java:126)
at edu.wpi.first.wpilibj.RobotBase.runRobot(RobotBase.java:436)
at edu.wpi.first.wpilibj.RobotBase.startRobot(RobotBase.java:527)
at frc.robot.Main.main(Main.java:9)
[Spark Flex] IDs: 4, timed out while waiting for Getting SPARK Model failed. Unable to account for device-specific behavior differences.
[Spark Flex] IDs: 7, Unable to retrieve SPARK firmware version. Please verify the deviceID field matches the configured CAN ID of the controller, and that the controller is connected to the CAN Bus.
[phoenix] Library initialization is complete.
CANSparkFlex object created for CAN ID 7, which is not a SPARK Flex. Some functionalities may not work.
Warning at com.revrobotics.spark.SparkFlex.<init>(SparkFlex.java:65): CANSparkFlex object created for CAN ID 7, which is not a SPARK Flex. Some functionalities may not work.
at com.revrobotics.spark.SparkFlex.<init>(SparkFlex.java:65)
at frc.robot.SwerveModule.<init>(SwerveModule.java:65)
at frc.robot.subsystems.DriveSubsystem.<init>(DriveSubsystem.java:36)
at frc.robot.RobotContainer.<init>(RobotContainer.java:43)
at frc.robot.Robot.robotInit(Robot.java:23)
at edu.wpi.first.wpilibj.TimedRobot.startCompetition(TimedRobot.java:126)
at edu.wpi.first.wpilibj.RobotBase.runRobot(RobotBase.java:436)
at edu.wpi.first.wpilibj.RobotBase.startRobot(RobotBase.java:527)
at frc.robot.Main.main(Main.java:9)
Could not transmit CAN Frame.
[Spark Flex] IDs: 7, timed out while waiting for Period Status 0: HAL: CAN Receive has Timed Out
[Spark Flex] IDs: 12, Unable to retrieve SPARK firmware version. Please verify the deviceID field matches the configured CAN ID of the controller, and that the controller is connected to the CAN Bus.
[phoenix-diagnostics] Server 2026.1.1 (Jan 23 2026, 23:30:20) running on port: 1250
[phoenix] Signal Logger Started (Network: rio)
CANSparkFlex object created for CAN ID 12, which is not a SPARK Flex. Some functionalities may not work.
Warning at com.revrobotics.spark.SparkFlex.<init>(SparkFlex.java:65): CANSparkFlex object created for CAN ID 12, which is not a SPARK Flex. Some functionalities may not work.
at com.revrobotics.spark.SparkFlex.<init>(SparkFlex.java:65)
at frc.robot.SwerveModule.<init>(SwerveModule.java:64)
at frc.robot.subsystems.DriveSubsystem.<init>(DriveSubsystem.java:42)
at frc.robot.RobotContainer.<init>(RobotContainer.java:43)
at frc.robot.Robot.robotInit(Robot.java:23)
at edu.wpi.first.wpilibj.TimedRobot.startCompetition(TimedRobot.java:126)
at edu.wpi.first.wpilibj.RobotBase.runRobot(RobotBase.java:436)
at edu.wpi.first.wpilibj.RobotBase.startRobot(RobotBase.java:527)
at frc.robot.Main.main(Main.java:9)
[Spark Flex] IDs: 12, timed out while waiting for Getting SPARK Model failed. Unable to account for device-specific behavior differences.
Could not find an ADIS16470; got product ID 0
Error at edu.wpi.first.wpilibj.ADIS16470_IMU.switchToStandardSPI(ADIS16470_IMU.java:488): Could not find an ADIS16470; got product ID 0
Finished cleaning up after the IMU driver.
Instantiating NavX on roboRIO MXP Port.
NavX: Library for FRC
Unhandled exception: java.lang.IllegalStateException: A CANSparkMax instance has already been created with this device ID: 8
Error at com.revrobotics.spark.SparkLowLevel.<init>(SparkLowLevel.java:233): Unhandled exception: java.lang.IllegalStateException: A CANSparkMax instance has already been created with this device ID: 8
at com.revrobotics.spark.SparkLowLevel.<init>(SparkLowLevel.java:233)
The robot program quit unexpectedly. This is usually due to a code error.
The above stacktrace can help determine where the error occurred.
See https://wpilib.org/stacktrace for more information.
at com.revrobotics.spark.SparkBase.<init>(SparkBase.java:174)
at com.revrobotics.spark.SparkFlex.<init>(SparkFlex.java:61)
at frc.robot.SwerveModule.<init>(SwerveModule.java:64)
The startCompetition() method (or methods called by it) should have handled the exception above.
at frc.robot.subsystems.DriveSubsystem.<init>(DriveSubsystem.java:24)
at frc.robot.RobotContainer.<init>(RobotContainer.java:44)
at frc.robot.Robot.robotInit(Robot.java:23)
at edu.wpi.first.wpilibj.TimedRobot.startCompetition(TimedRobot.java:126)
at edu.wpi.first.wpilibj.RobotBase.runRobot(RobotBase.java:436)
at edu.wpi.first.wpilibj.RobotBase.startRobot(RobotBase.java:527)
at frc.robot.Main.main(Main.java:9)
Warning at edu.wpi.first.wpilibj.RobotBase.runRobot(RobotBase.java:450): The robot program quit unexpectedly. This is usually due to a code error.
The above stacktrace can help determine where the error occurred.
See https://wpilib.org/stacktrace for more information.
Error at edu.wpi.first.wpilibj.RobotBase.runRobot(RobotBase.java:457): The startCompetition() method (or methods called by it) should have handled the exception above.
********** Robot program starting **********
NT: Listening on NT3 port 1735, NT4 port 5810
NT: Got a NT3 connection from 172.22.11.1 port 58166
NT: CONNECTED NT3 client 'SmartDashboard-NT3@172.22.11.1:58166' (from 172.22.11.1:58166)
StatusLogger: It is not recommended to log to RoboRIO internal storage. Plug in a flash drive.
StatusLogger: Logging REVLOG to '/home/lvuser/logs/REV_TBD_953bddacbc88a09b.revlog'
StatusLogger: Renamed REVLOG from 'REV_TBD_953bddacbc88a09b.revlog' to 'REV_20260220_215043.revlog' at '/home/lvuser/logs/REV_20260220_215043.revlog'
Could not transmit CAN Frame.
[Spark Flex] IDs: 4, timed out while waiting for Get Motor Interface: HAL: CAN Receive has Timed Out
[Spark Flex] IDs: 4, Unable to retrieve SPARK firmware version. Please verify the deviceID field matches the configured CAN ID of the controller, and that the controller is connected to the CAN Bus.
CANSparkFlex object created for CAN ID 4, which is not a SPARK Flex. Some functionalities may not work.
Warning at com.revrobotics.spark.SparkFlex.<init>(SparkFlex.java:65): CANSparkFlex object created for CAN ID 4, which is not a SPARK Flex. Some functionalities may not work.
at com.revrobotics.spark.SparkFlex.<init>(SparkFlex.java:65)
at frc.robot.SwerveModule.<init>(SwerveModule.java:64)
at frc.robot.subsystems.DriveSubsystem.<init>(DriveSubsystem.java:30)
at frc.robot.RobotContainer.<init>(RobotContainer.java:43)
at frc.robot.Robot.robotInit(Robot.java:23)
at edu.wpi.first.wpilibj.TimedRobot.startCompetition(TimedRobot.java:126)
at edu.wpi.first.wpilibj.RobotBase.runRobot(RobotBase.java:436)
at edu.wpi.first.wpilibj.RobotBase.startRobot(RobotBase.java:527)
at frc.robot.Main.main(Main.java:9)
[Spark Flex] IDs: 4, timed out while waiting for Getting SPARK Model failed. Unable to account for device-specific behavior differences.
[Spark Flex] IDs: 7, Unable to retrieve SPARK firmware version. Please verify the deviceID field matches the configured CAN ID of the controller, and that the controller is connected to the CAN Bus.
[phoenix] Library initialization is complete.
CANSparkFlex object created for CAN ID 7, which is not a SPARK Flex. Some functionalities may not work.
Warning at com.revrobotics.spark.SparkFlex.<init>(SparkFlex.java:65): CANSparkFlex object created for CAN ID 7, which is not a SPARK Flex. Some functionalities may not work.
at com.revrobotics.spark.SparkFlex.<init>(SparkFlex.java:65)
at frc.robot.SwerveModule.<init>(SwerveModule.java:65)
at frc.robot.subsystems.DriveSubsystem.<init>(DriveSubsystem.java:36)
at frc.robot.RobotContainer.<init>(RobotContainer.java:43)
at frc.robot.Robot.robotInit(Robot.java:23)
at edu.wpi.first.wpilibj.TimedRobot.startCompetition(TimedRobot.java:126)
at edu.wpi.first.wpilibj.RobotBase.runRobot(RobotBase.java:436)
at edu.wpi.first.wpilibj.RobotBase.startRobot(RobotBase.java:527)
at frc.robot.Main.main(Main.java:9)
Could not transmit CAN Frame.
[Spark Flex] IDs: 7, timed out while waiting for Period Status 0: HAL: CAN Receive has Timed Out
[Spark Flex] IDs: 12, Unable to retrieve SPARK firmware version. Please verify the deviceID field matches the configured CAN ID of the controller, and that the controller is connected to the CAN Bus.
[phoenix-diagnostics] Server 2026.1.1 (Jan 23 2026, 23:30:20) running on port: 1250
[phoenix] Signal Logger Started (Network: rio)
CANSparkFlex object created for CAN ID 12, which is not a SPARK Flex. Some functionalities may not work.
Warning at com.revrobotics.spark.SparkFlex.<init>(SparkFlex.java:65): CANSparkFlex object created for CAN ID 12, which is not a SPARK Flex. Some functionalities may not work.
at com.revrobotics.spark.SparkFlex.<init>(SparkFlex.java:65)
at frc.robot.SwerveModule.<init>(SwerveModule.java:64)
at frc.robot.subsystems.DriveSubsystem.<init>(DriveSubsystem.java:42)
at frc.robot.RobotContainer.<init>(RobotContainer.java:43)
at frc.robot.Robot.robotInit(Robot.java:23)
at edu.wpi.first.wpilibj.TimedRobot.startCompetition(TimedRobot.java:126)
at edu.wpi.first.wpilibj.RobotBase.runRobot(RobotBase.java:436)
at edu.wpi.first.wpilibj.RobotBase.startRobot(RobotBase.java:527)
at frc.robot.Main.main(Main.java:9)
[Spark Flex] IDs: 12, timed out while waiting for Getting SPARK Model failed. Unable to account for device-specific behavior differences.
Could not find an ADIS16470; got product ID 0
Error at edu.wpi.first.wpilibj.ADIS16470_IMU.switchToStandardSPI(ADIS16470_IMU.java:488): Could not find an ADIS16470; got product ID 0
Finished cleaning up after the IMU driver.
Instantiating NavX on roboRIO MXP Port.
NavX: Library for FRC
Unhandled exception: java.lang.IllegalStateException: A CANSparkMax instance has already been created with this device ID: 8
Error at com.revrobotics.spark.SparkLowLevel.<init>(SparkLowLevel.java:233): Unhandled exception: java.lang.IllegalStateException: A CANSparkMax instance has already been created with this device ID: 8
at com.revrobotics.spark.SparkLowLevel.<init>(SparkLowLevel.java:233)
at com.revrobotics.spark.SparkBase.<init>(SparkBase.java:174)
at com.revrobotics.spark.SparkFlex.<init>(SparkFlex.java:61)
at frc.robot.SwerveModule.<init>(SwerveModule.java:64)
at frc.robot.subsystems.DriveSubsystem.<init>(DriveSubsystem.java:24)
at frc.robot.RobotContainer.<init>(RobotContainer.java:44)
at frc.robot.Robot.robotInit(Robot.java:23)
at edu.wpi.first.wpilibj.TimedRobot.startCompetition(TimedRobot.java:126)
at edu.wpi.first.wpilibj.RobotBase.runRobot(RobotBase.java:436)
at edu.wpi.first.wpilibj.RobotBase.startRobot(RobotBase.java:527)
at frc.robot.Main.main(Main.java:9)
The robot program quit unexpectedly. This is usually due to a code error.
The above stacktrace can help determine where the error occurred.
See https://wpilib.org/stacktrace for more information.
Warning at edu.wpi.first.wpilibj.RobotBase.runRobot(RobotBase.java:450): The robot program quit unexpectedly. This is usually due to a code error.
The above stacktrace can help determine where the error occurred.
See https://wpilib.org/stacktrace for more information.
The startCompetition() method (or methods called by it) should have handled the exception above.
Error at edu.wpi.first.wpilibj.RobotBase.runRobot(RobotBase.java:457): The startCompetition() method (or methods called by it) should have handled the exception above.
********** Robot program starting **********
NT: Listening on NT3 port 1735, NT4 port 5810
NT: Got a NT3 connection from 172.22.11.1 port 58176
NT: CONNECTED NT3 client 'SmartDashboard-NT3@172.22.11.1:58176' (from 172.22.11.1:58176)
StatusLogger: It is not recommended to log to RoboRIO internal storage. Plug in a flash drive.
StatusLogger: Logging REVLOG to '/home/lvuser/logs/REV_TBD_de8ef2c26c36d9d3.revlog'
StatusLogger: Renamed REVLOG from 'REV_TBD_de8ef2c26c36d9d3.revlog' to 'REV_20260220_215054.revlog' at '/home/lvuser/logs/REV_20260220_215054.revlog'
Could not transmit CAN Frame.
[Spark Flex] IDs: 4, timed out while waiting for Get Motor Interface: HAL: CAN Receive has Timed Out
[Spark Flex] IDs: 4, Unable to retrieve SPARK firmware version. Please verify the deviceID field matches the configured CAN ID of the controller, and that the controller is connected to the CAN Bus.
CANSparkFlex object created for CAN ID 4, which is not a SPARK Flex. Some functionalities may not work.
Warning at com.revrobotics.spark.SparkFlex.<init>(SparkFlex.java:65): CANSparkFlex object created for CAN ID 4, which is not a SPARK Flex. Some functionalities may not work.
at com.revrobotics.spark.SparkFlex.<init>(SparkFlex.java:65)
at frc.robot.SwerveModule.<init>(SwerveModule.java:64)
at frc.robot.subsystems.DriveSubsystem.<init>(DriveSubsystem.java:30)
at frc.robot.RobotContainer.<init>(RobotContainer.java:43)
at frc.robot.Robot.robotInit(Robot.java:23)
at edu.wpi.first.wpilibj.TimedRobot.startCompetition(TimedRobot.java:126)
at edu.wpi.first.wpilibj.RobotBase.runRobot(RobotBase.java:436)
at edu.wpi.first.wpilibj.RobotBase.startRobot(RobotBase.java:527)
at frc.robot.Main.main(Main.java:9)
[Spark Flex] IDs: 4, timed out while waiting for Getting SPARK Model failed. Unable to account for device-specific behavior differences.
[Spark Flex] IDs: 7, Unable to retrieve SPARK firmware version. Please verify the deviceID field matches the configured CAN ID of the controller, and that the controller is connected to the CAN Bus.
[phoenix] Library initialization is complete.
CANSparkFlex object created for CAN ID 7, which is not a SPARK Flex. Some functionalities may not work.
Warning at com.revrobotics.spark.SparkFlex.<init>(SparkFlex.java:65): CANSparkFlex object created for CAN ID 7, which is not a SPARK Flex. Some functionalities may not work.
at com.revrobotics.spark.SparkFlex.<init>(SparkFlex.java:65)
at frc.robot.SwerveModule.<init>(SwerveModule.java:65)
at frc.robot.subsystems.DriveSubsystem.<init>(DriveSubsystem.java:36)
at frc.robot.RobotContainer.<init>(RobotContainer.java:43)
at frc.robot.Robot.robotInit(Robot.java:23)
at edu.wpi.first.wpilibj.TimedRobot.startCompetition(TimedRobot.java:126)
at edu.wpi.first.wpilibj.RobotBase.runRobot(RobotBase.java:436)
at edu.wpi.first.wpilibj.RobotBase.startRobot(RobotBase.java:527)
at frc.robot.Main.main(Main.java:9)
Could not transmit CAN Frame.
[Spark Flex] IDs: 7, timed out while waiting for Period Status 0: HAL: CAN Receive has Timed Out
[Spark Flex] IDs: 12, Unable to retrieve SPARK firmware version. Please verify the deviceID field matches the configured CAN ID of the controller, and that the controller is connected to the CAN Bus.
[phoenix-diagnostics] Server 2026.1.1 (Jan 23 2026, 23:30:20) running on port: 1250
[phoenix] Signal Logger Started (Network: rio)
CANSparkFlex object created for CAN ID 12, which is not a SPARK Flex. Some functionalities may not work.
Warning at com.revrobotics.spark.SparkFlex.<init>(SparkFlex.java:65): CANSparkFlex object created for CAN ID 12, which is not a SPARK Flex. Some functionalities may not work.
at com.revrobotics.spark.SparkFlex.<init>(SparkFlex.java:65)
at frc.robot.SwerveModule.<init>(SwerveModule.java:64)
at frc.robot.subsystems.DriveSubsystem.<init>(DriveSubsystem.java:42)
at frc.robot.RobotContainer.<init>(RobotContainer.java:43)
at frc.robot.Robot.robotInit(Robot.java:23)
at edu.wpi.first.wpilibj.TimedRobot.startCompetition(TimedRobot.java:126)
at edu.wpi.first.wpilibj.RobotBase.runRobot(RobotBase.java:436)
at edu.wpi.first.wpilibj.RobotBase.startRobot(RobotBase.java:527)
at frc.robot.Main.main(Main.java:9)
[Spark Flex] IDs: 12, timed out while waiting for Getting SPARK Model failed. Unable to account for device-specific behavior differences.
Could not find an ADIS16470; got product ID 0
Error at edu.wpi.first.wpilibj.ADIS16470_IMU.switchToStandardSPI(ADIS16470_IMU.java:488): Could not find an ADIS16470; got product ID 0
Finished cleaning up after the IMU driver.
Instantiating NavX on roboRIO MXP Port.
NavX: Library for FRC
Unhandled exception: java.lang.IllegalStateException: A CANSparkMax instance has already been created with this device ID: 8
Error at com.revrobotics.spark.SparkLowLevel.<init>(SparkLowLevel.java:233): Unhandled exception: java.lang.IllegalStateException: A CANSparkMax instance has already been created with this device ID: 8
at com.revrobotics.spark.SparkLowLevel.<init>(SparkLowLevel.java:233)
at com.revrobotics.spark.SparkBase.<init>(SparkBase.java:174)
at com.revrobotics.spark.SparkFlex.<init>(SparkFlex.java:61)
at frc.robot.SwerveModule.<init>(SwerveModule.java:64)
The robot program quit unexpectedly. This is usually due to a code error.
The above stacktrace can help determine where the error occurred.
See https://wpilib.org/stacktrace for more information.
at frc.robot.subsystems.DriveSubsystem.<init>(DriveSubsystem.java:24)
at frc.robot.RobotContainer.<init>(RobotContainer.java:44)
at frc.robot.Robot.robotInit(Robot.java:23)
at edu.wpi.first.wpilibj.TimedRobot.startCompetition(TimedRobot.java:126)
at edu.wpi.first.wpilibj.RobotBase.runRobot(RobotBase.java:436)
at edu.wpi.first.wpilibj.RobotBase.startRobot(RobotBase.java:527)
at frc.robot.Main.main(Main.java:9)
Warning at edu.wpi.first.wpilibj.RobotBase.runRobot(RobotBase.java:450): The robot program quit unexpectedly. This is usually due to a code error.
The above stacktrace can help determine where the error occurred.
See https://wpilib.org/stacktrace for more information.
The startCompetition() method (or methods called by it) should have handled the exception above.
Error at edu.wpi.first.wpilibj.RobotBase.runRobot(RobotBase.java:457): The startCompetition() method (or methods called by it) should have handled the exception above.
********** Robot program starting **********
NT: Listening on NT3 port 1735, NT4 port 5810
NT: Got a NT3 connection from 172.22.11.1 port 58187
NT: CONNECTED NT3 client 'SmartDashboard-NT3@172.22.11.1:58187' (from 172.22.11.1:58187)
StatusLogger: It is not recommended to log to RoboRIO internal storage. Plug in a flash drive.
StatusLogger: Logging REVLOG to '/home/lvuser/logs/REV_TBD_e3dfba9fd1c49476.revlog'
StatusLogger: Renamed REVLOG from 'REV_TBD_e3dfba9fd1c49476.revlog' to 'REV_20260220_215104.revlog' at '/home/lvuser/logs/REV_20260220_215104.revlog'
Could not transmit CAN Frame.
[Spark Flex] IDs: 4, timed out while waiting for Get Motor Interface: HAL: CAN Receive has Timed Out
[Spark Flex] IDs: 4, Unable to retrieve SPARK firmware version. Please verify the deviceID field matches the configured CAN ID of the controller, and that the controller is connected to the CAN Bus.
CANSparkFlex object created for CAN ID 4, which is not a SPARK Flex. Some functionalities may not work.
Warning at com.revrobotics.spark.SparkFlex.<init>(SparkFlex.java:65): CANSparkFlex object created for CAN ID 4, which is not a SPARK Flex. Some functionalities may not work.
at com.revrobotics.spark.SparkFlex.<init>(SparkFlex.java:65)
at frc.robot.SwerveModule.<init>(SwerveModule.java:64)
at frc.robot.subsystems.DriveSubsystem.<init>(DriveSubsystem.java:30)
at frc.robot.RobotContainer.<init>(RobotContainer.java:43)
at frc.robot.Robot.robotInit(Robot.java:23)
at edu.wpi.first.wpilibj.TimedRobot.startCompetition(TimedRobot.java:126)
at edu.wpi.first.wpilibj.RobotBase.runRobot(RobotBase.java:436)
at edu.wpi.first.wpilibj.RobotBase.startRobot(RobotBase.java:527)
at frc.robot.Main.main(Main.java:9)
[Spark Flex] IDs: 4, timed out while waiting for Getting SPARK Model failed. Unable to account for device-specific behavior differences.
[Spark Flex] IDs: 7, Unable to retrieve SPARK firmware version. Please verify the deviceID field matches the configured CAN ID of the controller, and that the controller is connected to the CAN Bus.
[phoenix] Library initialization is complete.
CANSparkFlex object created for CAN ID 7, which is not a SPARK Flex. Some functionalities may not work.
Warning at com.revrobotics.spark.SparkFlex.<init>(SparkFlex.java:65): CANSparkFlex object created for CAN ID 7, which is not a SPARK Flex. Some functionalities may not work.
at com.revrobotics.spark.SparkFlex.<init>(SparkFlex.java:65)
at frc.robot.SwerveModule.<init>(SwerveModule.java:65)
at frc.robot.subsystems.DriveSubsystem.<init>(DriveSubsystem.java:36)
at frc.robot.RobotContainer.<init>(RobotContainer.java:43)
at frc.robot.Robot.robotInit(Robot.java:23)
at edu.wpi.first.wpilibj.TimedRobot.startCompetition(TimedRobot.java:126)
at edu.wpi.first.wpilibj.RobotBase.runRobot(RobotBase.java:436)
at edu.wpi.first.wpilibj.RobotBase.startRobot(RobotBase.java:527)
at frc.robot.Main.main(Main.java:9)
Could not transmit CAN Frame.
[Spark Flex] IDs: 7, timed out while waiting for Period Status 0: HAL: CAN Receive has Timed Out
[Spark Flex] IDs: 12, Unable to retrieve SPARK firmware version. Please verify the deviceID field matches the configured CAN ID of the controller, and that the controller is connected to the CAN Bus.
[phoenix-diagnostics] Server 2026.1.1 (Jan 23 2026, 23:30:20) running on port: 1250
[phoenix] Signal Logger Started (Network: rio)
CANSparkFlex object created for CAN ID 12, which is not a SPARK Flex. Some functionalities may not work.
Warning at com.revrobotics.spark.SparkFlex.<init>(SparkFlex.java:65): CANSparkFlex object created for CAN ID 12, which is not a SPARK Flex. Some functionalities may not work.
at com.revrobotics.spark.SparkFlex.<init>(SparkFlex.java:65)
at frc.robot.SwerveModule.<init>(SwerveModule.java:64)
at frc.robot.subsystems.DriveSubsystem.<init>(DriveSubsystem.java:42)
at frc.robot.RobotContainer.<init>(RobotContainer.java:43)
at frc.robot.Robot.robotInit(Robot.java:23)
at edu.wpi.first.wpilibj.TimedRobot.startCompetition(TimedRobot.java:126)
at edu.wpi.first.wpilibj.RobotBase.runRobot(RobotBase.java:436)
at edu.wpi.first.wpilibj.RobotBase.startRobot(RobotBase.java:527)
at frc.robot.Main.main(Main.java:9)
[Spark Flex] IDs: 12, timed out while waiting for Getting SPARK Model failed. Unable to account for device-specific behavior differences.
Could not find an ADIS16470; got product ID 0
Error at edu.wpi.first.wpilibj.ADIS16470_IMU.switchToStandardSPI(ADIS16470_IMU.java:488): Could not find an ADIS16470; got product ID 0
Finished cleaning up after the IMU driver.
Instantiating NavX on roboRIO MXP Port.
NavX: Library for FRC
Unhandled exception: java.lang.IllegalStateException: A CANSparkMax instance has already been created with this device ID: 8
Error at com.revrobotics.spark.SparkLowLevel.<init>(SparkLowLevel.java:233): Unhandled exception: java.lang.IllegalStateException: A CANSparkMax instance has already been created with this device ID: 8
at com.revrobotics.spark.SparkLowLevel.<init>(SparkLowLevel.java:233)
at com.revrobotics.spark.SparkBase.<init>(SparkBase.java:174)
The robot program quit unexpectedly. This is usually due to a code error.
The above stacktrace can help determine where the error occurred.
See https://wpilib.org/stacktrace for more information.
at com.revrobotics.spark.SparkFlex.<init>(SparkFlex.java:61)
at frc.robot.SwerveModule.<init>(SwerveModule.java:64)
at frc.robot.subsystems.DriveSubsystem.<init>(DriveSubsystem.java:24)
at frc.robot.RobotContainer.<init>(RobotContainer.java:44)
at frc.robot.Robot.robotInit(Robot.java:23)
at edu.wpi.first.wpilibj.TimedRobot.startCompetition(TimedRobot.java:126)
at edu.wpi.first.wpilibj.RobotBase.runRobot(RobotBase.java:436)
at edu.wpi.first.wpilibj.RobotBase.startRobot(RobotBase.java:527)
at frc.robot.Main.main(Main.java:9)
Warning at edu.wpi.first.wpilibj.RobotBase.runRobot(RobotBase.java:450): The robot program quit unexpectedly. This is usually due to a code error.
The startCompetition() method (or methods called by it) should have handled the exception above.
The above stacktrace can help determine where the error occurred.
See https://wpilib.org/stacktrace for more information.
Error at edu.wpi.first.wpilibj.RobotBase.runRobot(RobotBase.java:457): The startCompetition() method (or methods called by it) should have handled the exception above.
********** Robot program starting **********
NT: Listening on NT3 port 1735, NT4 port 5810
NT: Got a NT3 connection from 172.22.11.1 port 58198
NT: CONNECTED NT3 client 'SmartDashboard-NT3@172.22.11.1:58198' (from 172.22.11.1:58198)
StatusLogger: It is not recommended to log to RoboRIO internal storage. Plug in a flash drive.
StatusLogger: Logging REVLOG to '/home/lvuser/logs/REV_TBD_00536ce6f6d9528c.revlog'
StatusLogger: Renamed REVLOG from 'REV_TBD_00536ce6f6d9528c.revlog' to 'REV_20260220_215115.revlog' at '/home/lvuser/logs/REV_20260220_215115.revlog'
Could not transmit CAN Frame.
[Spark Flex] IDs: 4, timed out while waiting for Get Motor Interface: HAL: CAN Receive has Timed Out
[Spark Flex] IDs: 4, Unable to retrieve SPARK firmware version. Please verify the deviceID field matches the configured CAN ID of the controller, and that the controller is connected to the CAN Bus.
CANSparkFlex object created for CAN ID 4, which is not a SPARK Flex. Some functionalities may not work.
Warning at com.revrobotics.spark.SparkFlex.<init>(SparkFlex.java:65): CANSparkFlex object created for CAN ID 4, which is not a SPARK Flex. Some functionalities may not work.
at com.revrobotics.spark.SparkFlex.<init>(SparkFlex.java:65)
at frc.robot.SwerveModule.<init>(SwerveModule.java:64)
at frc.robot.subsystems.DriveSubsystem.<init>(DriveSubsystem.java:30)
at frc.robot.RobotContainer.<init>(RobotContainer.java:43)
at frc.robot.Robot.robotInit(Robot.java:23)
at edu.wpi.first.wpilibj.TimedRobot.startCompetition(TimedRobot.java:126)
at edu.wpi.first.wpilibj.RobotBase.runRobot(RobotBase.java:436)
at edu.wpi.first.wpilibj.RobotBase.startRobot(RobotBase.java:527)
at frc.robot.Main.main(Main.java:9)
[Spark Flex] IDs: 4, timed out while waiting for Getting SPARK Model failed. Unable to account for device-specific behavior differences.
[Spark Flex] IDs: 7, Unable to retrieve SPARK firmware version. Please verify the deviceID field matches the configured CAN ID of the controller, and that the controller is connected to the CAN Bus.
[phoenix] Library initialization is complete.
CANSparkFlex object created for CAN ID 7, which is not a SPARK Flex. Some functionalities may not work.
Warning at com.revrobotics.spark.SparkFlex.<init>(SparkFlex.java:65): CANSparkFlex object created for CAN ID 7, which is not a SPARK Flex. Some functionalities may not work.
at com.revrobotics.spark.SparkFlex.<init>(SparkFlex.java:65)
at frc.robot.SwerveModule.<init>(SwerveModule.java:65)
at frc.robot.subsystems.DriveSubsystem.<init>(DriveSubsystem.java:36)
at frc.robot.RobotContainer.<init>(RobotContainer.java:43)
at frc.robot.Robot.robotInit(Robot.java:23)
at edu.wpi.first.wpilibj.TimedRobot.startCompetition(TimedRobot.java:126)
at edu.wpi.first.wpilibj.RobotBase.runRobot(RobotBase.java:436)
at edu.wpi.first.wpilibj.RobotBase.startRobot(RobotBase.java:527)
at frc.robot.Main.main(Main.java:9)
Could not transmit CAN Frame.
[Spark Flex] IDs: 7, timed out while waiting for Period Status 0: HAL: CAN Receive has Timed Out
[Spark Flex] IDs: 12, Unable to retrieve SPARK firmware version. Please verify the deviceID field matches the configured CAN ID of the controller, and that the controller is connected to the CAN Bus.
[phoenix-diagnostics] Server 2026.1.1 (Jan 23 2026, 23:30:20) running on port: 1250
[phoenix] Signal Logger Started (Network: rio)
CANSparkFlex object created for CAN ID 12, which is not a SPARK Flex. Some functionalities may not work.
Warning at com.revrobotics.spark.SparkFlex.<init>(SparkFlex.java:65): CANSparkFlex object created for CAN ID 12, which is not a SPARK Flex. Some functionalities may not work.
at com.revrobotics.spark.SparkFlex.<init>(SparkFlex.java:65)
at frc.robot.SwerveModule.<init>(SwerveModule.java:64)
at frc.robot.subsystems.DriveSubsystem.<init>(DriveSubsystem.java:42)
at frc.robot.RobotContainer.<init>(RobotContainer.java:43)
at frc.robot.Robot.robotInit(Robot.java:23)
at edu.wpi.first.wpilibj.TimedRobot.startCompetition(TimedRobot.java:126)
at edu.wpi.first.wpilibj.RobotBase.runRobot(RobotBase.java:436)
at edu.wpi.first.wpilibj.RobotBase.startRobot(RobotBase.java:527)
at frc.robot.Main.main(Main.java:9)
[Spark Flex] IDs: 12, timed out while waiting for Getting SPARK Model failed. Unable to account for device-specific behavior differences.
Could not find an ADIS16470; got product ID 0
Error at edu.wpi.first.wpilibj.ADIS16470_IMU.switchToStandardSPI(ADIS16470_IMU.java:488): Could not find an ADIS16470; got product ID 0
Finished cleaning up after the IMU driver.
Instantiating NavX on roboRIO MXP Port.
NavX: Library for FRC
Unhandled exception: java.lang.IllegalStateException: A CANSparkMax instance has already been created with this device ID: 8
Error at com.revrobotics.spark.SparkLowLevel.<init>(SparkLowLevel.java:233): Unhandled exception: java.lang.IllegalStateException: A CANSparkMax instance has already been created with this device ID: 8
at com.revrobotics.spark.SparkLowLevel.<init>(SparkLowLevel.java:233)
The robot program quit unexpectedly. This is usually due to a code error.
The above stacktrace can help determine where the error occurred.
See https://wpilib.org/stacktrace for more information.
at com.revrobotics.spark.SparkBase.<init>(SparkBase.java:174)
at com.revrobotics.spark.SparkFlex.<init>(SparkFlex.java:61)
The startCompetition() method (or methods called by it) should have handled the exception above.
at frc.robot.SwerveModule.<init>(SwerveModule.java:64)
at frc.robot.subsystems.DriveSubsystem.<init>(DriveSubsystem.java:24)
at frc.robot.RobotContainer.<init>(RobotContainer.java:44)
at frc.robot.Robot.robotInit(Robot.java:23)
at edu.wpi.first.wpilibj.TimedRobot.startCompetition(TimedRobot.java:126)
at edu.wpi.first.wpilibj.RobotBase.runRobot(RobotBase.java:436)
at edu.wpi.first.wpilibj.RobotBase.startRobot(RobotBase.java:527)
at frc.robot.Main.main(Main.java:9)
Warning at edu.wpi.first.wpilibj.RobotBase.runRobot(RobotBase.java:450): The robot program quit unexpectedly. This is usually due to a code error.
The above stacktrace can help determine where the error occurred.
See https://wpilib.org/stacktrace for more information.
Error at edu.wpi.first.wpilibj.RobotBase.runRobot(RobotBase.java:457): The startCompetition() method (or methods called by it) should have handled the exception above.
********** Robot program starting **********
NT: Listening on NT3 port 1735, NT4 port 5810
NT: Got a NT3 connection from 172.22.11.1 port 58209
NT: CONNECTED NT3 client 'SmartDashboard-NT3@172.22.11.1:58209' (from 172.22.11.1:58209)
StatusLogger: It is not recommended to log to RoboRIO internal storage. Plug in a flash drive.
StatusLogger: Logging REVLOG to '/home/lvuser/logs/REV_TBD_3264e26eab682adc.revlog'
StatusLogger: Renamed REVLOG from 'REV_TBD_3264e26eab682adc.revlog' to 'REV_20260220_215125.revlog' at '/home/lvuser/logs/REV_20260220_215125.revlog'
Could not transmit CAN Frame.
[Spark Flex] IDs: 4, timed out while waiting for Get Motor Interface: HAL: CAN Receive has Timed Out
[Spark Flex] IDs: 4, Unable to retrieve SPARK firmware version. Please verify the deviceID field matches the configured CAN ID of the controller, and that the controller is connected to the CAN Bus.
CANSparkFlex object created for CAN ID 4, which is not a SPARK Flex. Some functionalities may not work.
Warning at com.revrobotics.spark.SparkFlex.<init>(SparkFlex.java:65): CANSparkFlex object created for CAN ID 4, which is not a SPARK Flex. Some functionalities may not work.
at com.revrobotics.spark.SparkFlex.<init>(SparkFlex.java:65)
at frc.robot.SwerveModule.<init>(SwerveModule.java:64)
at frc.robot.subsystems.DriveSubsystem.<init>(DriveSubsystem.java:30)
at frc.robot.RobotContainer.<init>(RobotContainer.java:43)
at frc.robot.Robot.robotInit(Robot.java:23)
at edu.wpi.first.wpilibj.TimedRobot.startCompetition(TimedRobot.java:126)
at edu.wpi.first.wpilibj.RobotBase.runRobot(RobotBase.java:436)
at edu.wpi.first.wpilibj.RobotBase.startRobot(RobotBase.java:527)
at frc.robot.Main.main(Main.java:9)
[Spark Flex] IDs: 4, timed out while waiting for Getting SPARK Model failed. Unable to account for device-specific behavior differences.
[Spark Flex] IDs: 7, Unable to retrieve SPARK firmware version. Please verify the deviceID field matches the configured CAN ID of the controller, and that the controller is connected to the CAN Bus.
[phoenix] Library initialization is complete.
CANSparkFlex object created for CAN ID 7, which is not a SPARK Flex. Some functionalities may not work.
Warning at com.revrobotics.spark.SparkFlex.<init>(SparkFlex.java:65): CANSparkFlex object created for CAN ID 7, which is not a SPARK Flex. Some functionalities may not work.
at com.revrobotics.spark.SparkFlex.<init>(SparkFlex.java:65)
at frc.robot.SwerveModule.<init>(SwerveModule.java:65)
at frc.robot.subsystems.DriveSubsystem.<init>(DriveSubsystem.java:36)
at frc.robot.RobotContainer.<init>(RobotContainer.java:43)
at frc.robot.Robot.robotInit(Robot.java:23)
at edu.wpi.first.wpilibj.TimedRobot.startCompetition(TimedRobot.java:126)
at edu.wpi.first.wpilibj.RobotBase.runRobot(RobotBase.java:436)
at edu.wpi.first.wpilibj.RobotBase.startRobot(RobotBase.java:527)
at frc.robot.Main.main(Main.java:9)
Could not transmit CAN Frame.
[Spark Flex] IDs: 7, timed out while waiting for Period Status 0: HAL: CAN Receive has Timed Out
[Spark Flex] IDs: 12, Unable to retrieve SPARK firmware version. Please verify the deviceID field matches the configured CAN ID of the controller, and that the controller is connected to the CAN Bus.
[phoenix-diagnostics] Server 2026.1.1 (Jan 23 2026, 23:30:20) running on port: 1250
[phoenix] Signal Logger Started (Network: rio)
CANSparkFlex object created for CAN ID 12, which is not a SPARK Flex. Some functionalities may not work.
Warning at com.revrobotics.spark.SparkFlex.<init>(SparkFlex.java:65): CANSparkFlex object created for CAN ID 12, which is not a SPARK Flex. Some functionalities may not work.
at com.revrobotics.spark.SparkFlex.<init>(SparkFlex.java:65)
at frc.robot.SwerveModule.<init>(SwerveModule.java:64)
at frc.robot.subsystems.DriveSubsystem.<init>(DriveSubsystem.java:42)
at frc.robot.RobotContainer.<init>(RobotContainer.java:43)
at frc.robot.Robot.robotInit(Robot.java:23)
at edu.wpi.first.wpilibj.TimedRobot.startCompetition(TimedRobot.java:126)
at edu.wpi.first.wpilibj.RobotBase.runRobot(RobotBase.java:436)
at edu.wpi.first.wpilibj.RobotBase.startRobot(RobotBase.java:527)
at frc.robot.Main.main(Main.java:9)
[Spark Flex] IDs: 12, timed out while waiting for Getting SPARK Model failed. Unable to account for device-specific behavior differences.
Could not find an ADIS16470; got product ID 0
Error at edu.wpi.first.wpilibj.ADIS16470_IMU.switchToStandardSPI(ADIS16470_IMU.java:488): Could not find an ADIS16470; got product ID 0
Finished cleaning up after the IMU driver.
Instantiating NavX on roboRIO MXP Port.
NavX: Library for FRC
Unhandled exception: java.lang.IllegalStateException: A CANSparkMax instance has already been created with this device ID: 8
Error at com.revrobotics.spark.SparkLowLevel.<init>(SparkLowLevel.java:233): Unhandled exception: java.lang.IllegalStateException: A CANSparkMax instance has already been created with this device ID: 8
at com.revrobotics.spark.SparkLowLevel.<init>(SparkLowLevel.java:233)
at com.revrobotics.spark.SparkBase.<init>(SparkBase.java:174)
The robot program quit unexpectedly. This is usually due to a code error.
The above stacktrace can help determine where the error occurred.
See https://wpilib.org/stacktrace for more information.
at com.revrobotics.spark.SparkFlex.<init>(SparkFlex.java:61)
at frc.robot.SwerveModule.<init>(SwerveModule.java:64)
at frc.robot.subsystems.DriveSubsystem.<init>(DriveSubsystem.java:24)
at frc.robot.RobotContainer.<init>(RobotContainer.java:44)
at frc.robot.Robot.robotInit(Robot.java:23)
at edu.wpi.first.wpilibj.TimedRobot.startCompetition(TimedRobot.java:126)
at edu.wpi.first.wpilibj.RobotBase.runRobot(RobotBase.java:436)
at edu.wpi.first.wpilibj.RobotBase.startRobot(RobotBase.java:527)
at frc.robot.Main.main(Main.java:9)
Warning at edu.wpi.first.wpilibj.RobotBase.runRobot(RobotBase.java:450): The robot program quit unexpectedly. This is usually due to a code error.
The above stacktrace can help determine where the error occurred.
See https://wpilib.org/stacktrace for more information.
The startCompetition() method (or methods called by it) should have handled the exception above.
Error at edu.wpi.first.wpilibj.RobotBase.runRobot(RobotBase.java:457): The startCompetition() method (or methods called by it) should have handled the exception above.
********** Robot program starting **********
NT: Listening on NT3 port 1735, NT4 port 5810
NT: Got a NT3 connection from 172.22.11.1 port 58220
NT: CONNECTED NT3 client 'SmartDashboard-NT3@172.22.11.1:58220' (from 172.22.11.1:58220)
StatusLogger: It is not recommended to log to RoboRIO internal storage. Plug in a flash drive.
StatusLogger: Logging REVLOG to '/home/lvuser/logs/REV_TBD_764b2831bbe4f2a2.revlog'
StatusLogger: Renamed REVLOG from 'REV_TBD_764b2831bbe4f2a2.revlog' to 'REV_20260220_215136.revlog' at '/home/lvuser/logs/REV_20260220_215136.revlog'
Could not transmit CAN Frame.
[Spark Flex] IDs: 4, timed out while waiting for Get Motor Interface: HAL: CAN Receive has Timed Out
[Spark Flex] IDs: 4, Unable to retrieve SPARK firmware version. Please verify the deviceID field matches the configured CAN ID of the controller, and that the controller is connected to the CAN Bus.
CANSparkFlex object created for CAN ID 4, which is not a SPARK Flex. Some functionalities may not work.
Warning at com.revrobotics.spark.SparkFlex.<init>(SparkFlex.java:65): CANSparkFlex object created for CAN ID 4, which is not a SPARK Flex. Some functionalities may not work.
at com.revrobotics.spark.SparkFlex.<init>(SparkFlex.java:65)
at frc.robot.SwerveModule.<init>(SwerveModule.java:64)
at frc.robot.subsystems.DriveSubsystem.<init>(DriveSubsystem.java:30)
at frc.robot.RobotContainer.<init>(RobotContainer.java:43)
at frc.robot.Robot.robotInit(Robot.java:23)
at edu.wpi.first.wpilibj.TimedRobot.startCompetition(TimedRobot.java:126)
at edu.wpi.first.wpilibj.RobotBase.runRobot(RobotBase.java:436)
at edu.wpi.first.wpilibj.RobotBase.startRobot(RobotBase.java:527)
at frc.robot.Main.main(Main.java:9)
[Spark Flex] IDs: 4, timed out while waiting for Getting SPARK Model failed. Unable to account for device-specific behavior differences.
[Spark Flex] IDs: 7, Unable to retrieve SPARK firmware version. Please verify the deviceID field matches the configured CAN ID of the controller, and that the controller is connected to the CAN Bus.
[phoenix] Library initialization is complete.
CANSparkFlex object created for CAN ID 7, which is not a SPARK Flex. Some functionalities may not work.
Warning at com.revrobotics.spark.SparkFlex.<init>(SparkFlex.java:65): CANSparkFlex object created for CAN ID 7, which is not a SPARK Flex. Some functionalities may not work.
at com.revrobotics.spark.SparkFlex.<init>(SparkFlex.java:65)
at frc.robot.SwerveModule.<init>(SwerveModule.java:65)
at frc.robot.subsystems.DriveSubsystem.<init>(DriveSubsystem.java:36)
at frc.robot.RobotContainer.<init>(RobotContainer.java:43)
at frc.robot.Robot.robotInit(Robot.java:23)
at edu.wpi.first.wpilibj.TimedRobot.startCompetition(TimedRobot.java:126)
at edu.wpi.first.wpilibj.RobotBase.runRobot(RobotBase.java:436)
at edu.wpi.first.wpilibj.RobotBase.startRobot(RobotBase.java:527)
at frc.robot.Main.main(Main.java:9)
Could not transmit CAN Frame.
[Spark Flex] IDs: 7, timed out while waiting for Period Status 0: HAL: CAN Receive has Timed Out
[Spark Flex] IDs: 12, Unable to retrieve SPARK firmware version. Please verify the deviceID field matches the configured CAN ID of the controller, and that the controller is connected to the CAN Bus.
[phoenix-diagnostics] Server 2026.1.1 (Jan 23 2026, 23:30:20) running on port: 1250
[phoenix] Signal Logger Started (Network: rio)
CANSparkFlex object created for CAN ID 12, which is not a SPARK Flex. Some functionalities may not work.
Warning at com.revrobotics.spark.SparkFlex.<init>(SparkFlex.java:65): CANSparkFlex object created for CAN ID 12, which is not a SPARK Flex. Some functionalities may not work.
at com.revrobotics.spark.SparkFlex.<init>(SparkFlex.java:65)
at frc.robot.SwerveModule.<init>(SwerveModule.java:64)
at frc.robot.subsystems.DriveSubsystem.<init>(DriveSubsystem.java:42)
at frc.robot.RobotContainer.<init>(RobotContainer.java:43)
at frc.robot.Robot.robotInit(Robot.java:23)
at edu.wpi.first.wpilibj.TimedRobot.startCompetition(TimedRobot.java:126)
at edu.wpi.first.wpilibj.RobotBase.runRobot(RobotBase.java:436)
at edu.wpi.first.wpilibj.RobotBase.startRobot(RobotBase.java:527)
at frc.robot.Main.main(Main.java:9)
[Spark Flex] IDs: 12, timed out while waiting for Getting SPARK Model failed. Unable to account for device-specific behavior differences.
Could not find an ADIS16470; got product ID 0
Error at edu.wpi.first.wpilibj.ADIS16470_IMU.switchToStandardSPI(ADIS16470_IMU.java:488): Could not find an ADIS16470; got product ID 0
Finished cleaning up after the IMU driver.
Instantiating NavX on roboRIO MXP Port.
NavX: Library for FRC
Unhandled exception: java.lang.IllegalStateException: A CANSparkMax instance has already been created with this device ID: 8
Error at com.revrobotics.spark.SparkLowLevel.<init>(SparkLowLevel.java:233): Unhandled exception: java.lang.IllegalStateException: A CANSparkMax instance has already been created with this device ID: 8
at com.revrobotics.spark.SparkLowLevel.<init>(SparkLowLevel.java:233)
The robot program quit unexpectedly. This is usually due to a code error.
The above stacktrace can help determine where the error occurred.
See https://wpilib.org/stacktrace for more information.
at com.revrobotics.spark.SparkBase.<init>(SparkBase.java:174)
at com.revrobotics.spark.SparkFlex.<init>(SparkFlex.java:61)
at frc.robot.SwerveModule.<init>(SwerveModule.java:64)
The startCompetition() method (or methods called by it) should have handled the exception above.
at frc.robot.subsystems.DriveSubsystem.<init>(DriveSubsystem.java:24)
at frc.robot.RobotContainer.<init>(RobotContainer.java:44)
at frc.robot.Robot.robotInit(Robot.java:23)
at edu.wpi.first.wpilibj.TimedRobot.startCompetition(TimedRobot.java:126)
at edu.wpi.first.wpilibj.RobotBase.runRobot(RobotBase.java:436)
at edu.wpi.first.wpilibj.RobotBase.startRobot(RobotBase.java:527)
at frc.robot.Main.main(Main.java:9)
Warning at edu.wpi.first.wpilibj.RobotBase.runRobot(RobotBase.java:450): The robot program quit unexpectedly. This is usually due to a code error.
The above stacktrace can help determine where the error occurred.
See https://wpilib.org/stacktrace for more information.
Error at edu.wpi.first.wpilibj.RobotBase.runRobot(RobotBase.java:457): The startCompetition() method (or methods called by it) should have handled the exception above.
********** Robot program starting **********
NT: Listening on NT3 port 1735, NT4 port 5810
NT: Got a NT3 connection from 172.22.11.1 port 58231
NT: CONNECTED NT3 client 'SmartDashboard-NT3@172.22.11.1:58231' (from 172.22.11.1:58231)
StatusLogger: It is not recommended to log to RoboRIO internal storage. Plug in a flash drive.
StatusLogger: Logging REVLOG to '/home/lvuser/logs/REV_TBD_86fd4e46d7aecbc3.revlog'
StatusLogger: Renamed REVLOG from 'REV_TBD_86fd4e46d7aecbc3.revlog' to 'REV_20260220_215147.revlog' at '/home/lvuser/logs/REV_20260220_215147.revlog'
Could not transmit CAN Frame.
[Spark Flex] IDs: 4, timed out while waiting for Period Status 0: HAL: CAN Receive has Timed Out
[Spark Flex] IDs: 4, Unable to retrieve SPARK firmware version. Please verify the deviceID field matches the configured CAN ID of the controller, and that the controller is connected to the CAN Bus.
CANSparkFlex object created for CAN ID 4, which is not a SPARK Flex. Some functionalities may not work.
Warning at com.revrobotics.spark.SparkFlex.<init>(SparkFlex.java:65): CANSparkFlex object created for CAN ID 4, which is not a SPARK Flex. Some functionalities may not work.
at com.revrobotics.spark.SparkFlex.<init>(SparkFlex.java:65)
at frc.robot.SwerveModule.<init>(SwerveModule.java:64)
at frc.robot.subsystems.DriveSubsystem.<init>(DriveSubsystem.java:30)
at frc.robot.RobotContainer.<init>(RobotContainer.java:43)
at frc.robot.Robot.robotInit(Robot.java:23)
at edu.wpi.first.wpilibj.TimedRobot.startCompetition(TimedRobot.java:126)
at edu.wpi.first.wpilibj.RobotBase.runRobot(RobotBase.java:436)
at edu.wpi.first.wpilibj.RobotBase.startRobot(RobotBase.java:527)
at frc.robot.Main.main(Main.java:9)
[Spark Flex] IDs: 4, timed out while waiting for Getting SPARK Model failed. Unable to account for device-specific behavior differences.
[phoenix] Library initialization is complete.
[Spark Flex] IDs: 7, timed out while waiting for Period Status 0: HAL: CAN Receive has Timed Out
[Spark Flex] IDs: 7, Unable to retrieve SPARK firmware version. Please verify the deviceID field matches the configured CAN ID of the controller, and that the controller is connected to the CAN Bus.
CANSparkFlex object created for CAN ID 7, which is not a SPARK Flex. Some functionalities may not work.
Warning at com.revrobotics.spark.SparkFlex.<init>(SparkFlex.java:65): CANSparkFlex object created for CAN ID 7, which is not a SPARK Flex. Some functionalities may not work.
at com.revrobotics.spark.SparkFlex.<init>(SparkFlex.java:65)
at frc.robot.SwerveModule.<init>(SwerveModule.java:65)
at frc.robot.subsystems.DriveSubsystem.<init>(DriveSubsystem.java:36)
at frc.robot.RobotContainer.<init>(RobotContainer.java:43)
at frc.robot.Robot.robotInit(Robot.java:23)
at edu.wpi.first.wpilibj.TimedRobot.startCompetition(TimedRobot.java:126)
at edu.wpi.first.wpilibj.RobotBase.runRobot(RobotBase.java:436)
at edu.wpi.first.wpilibj.RobotBase.startRobot(RobotBase.java:527)
at frc.robot.Main.main(Main.java:9)
Could not transmit CAN Frame.
[phoenix-diagnostics] Server 2026.1.1 (Jan 23 2026, 23:30:20) running on port: 1250
[phoenix] Signal Logger Started (Network: rio)
[Spark Flex] IDs: 7, timed out while waiting for Get parameter ID 199, frameID 33903808: HAL: CAN Receive has Timed Out
[Spark Flex] IDs: 12, Unable to retrieve SPARK firmware version. Please verify the deviceID field matches the configured CAN ID of the controller, and that the controller is connected to the CAN Bus.
CANSparkFlex object created for CAN ID 12, which is not a SPARK Flex. Some functionalities may not work.
Warning at com.revrobotics.spark.SparkFlex.<init>(SparkFlex.java:65): CANSparkFlex object created for CAN ID 12, which is not a SPARK Flex. Some functionalities may not work.
at com.revrobotics.spark.SparkFlex.<init>(SparkFlex.java:65)
at frc.robot.SwerveModule.<init>(SwerveModule.java:64)
at frc.robot.subsystems.DriveSubsystem.<init>(DriveSubsystem.java:42)
at frc.robot.RobotContainer.<init>(RobotContainer.java:43)
at frc.robot.Robot.robotInit(Robot.java:23)
at edu.wpi.first.wpilibj.TimedRobot.startCompetition(TimedRobot.java:126)
at edu.wpi.first.wpilibj.RobotBase.runRobot(RobotBase.java:436)
at edu.wpi.first.wpilibj.RobotBase.startRobot(RobotBase.java:527)
at frc.robot.Main.main(Main.java:9)
Could not find an ADIS16470; got product ID 0
Error at edu.wpi.first.wpilibj.ADIS16470_IMU.switchToStandardSPI(ADIS16470_IMU.java:488): Could not find an ADIS16470; got product ID 0
Finished cleaning up after the IMU driver.
Instantiating NavX on roboRIO MXP Port.
NavX: Library for FRC
Unhandled exception: java.lang.IllegalStateException: A CANSparkMax instance has already been created with this device ID: 8
Error at com.revrobotics.spark.SparkLowLevel.<init>(SparkLowLevel.java:233): Unhandled exception: java.lang.IllegalStateException: A CANSparkMax instance has already been created with this device ID: 8
at com.revrobotics.spark.SparkLowLevel.<init>(SparkLowLevel.java:233)
at com.revrobotics.spark.SparkBase.<init>(SparkBase.java:174)
at com.revrobotics.spark.SparkFlex.<init>(SparkFlex.java:61)
at frc.robot.SwerveModule.<init>(SwerveModule.java:64)
at frc.robot.subsystems.DriveSubsystem.<init>(DriveSubsystem.java:24)
The robot program quit unexpectedly. This is usually due to a code error.
The above stacktrace can help determine where the error occurred.
See https://wpilib.org/stacktrace for more information.
at frc.robot.RobotContainer.<init>(RobotContainer.java:44)
at frc.robot.Robot.robotInit(Robot.java:23)
at edu.wpi.first.wpilibj.TimedRobot.startCompetition(TimedRobot.java:126)
at edu.wpi.first.wpilibj.RobotBase.runRobot(RobotBase.java:436)
at edu.wpi.first.wpilibj.RobotBase.startRobot(RobotBase.java:527)
at frc.robot.Main.main(Main.java:9)
Warning at edu.wpi.first.wpilibj.RobotBase.runRobot(RobotBase.java:450): The robot program quit unexpectedly. This is usually due to a code error.
The above stacktrace can help determine where the error occurred.
See https://wpilib.org/stacktrace for more information.
The startCompetition() method (or methods called by it) should have handled the exception above.
Error at edu.wpi.first.wpilibj.RobotBase.runRobot(RobotBase.java:457): The startCompetition() method (or methods called by it) should have handled the exception above.
********** Robot program starting **********
NT: Listening on NT3 port 1735, NT4 port 5810
NT: Got a NT3 connection from 172.22.11.1 port 58242
NT: CONNECTED NT3 client 'SmartDashboard-NT3@172.22.11.1:58242' (from 172.22.11.1:58242)
StatusLogger: It is not recommended to log to RoboRIO internal storage. Plug in a flash drive.
StatusLogger: Logging REVLOG to '/home/lvuser/logs/REV_TBD_524fc267873f143e.revlog'
StatusLogger: Renamed REVLOG from 'REV_TBD_524fc267873f143e.revlog' to 'REV_20260220_215158.revlog' at '/home/lvuser/logs/REV_20260220_215158.revlog'
Could not transmit CAN Frame.
[Spark Flex] IDs: 4, timed out while waiting for Get Motor Interface: HAL: CAN Receive has Timed Out
[Spark Flex] IDs: 4, Unable to retrieve SPARK firmware version. Please verify the deviceID field matches the configured CAN ID of the controller, and that the controller is connected to the CAN Bus.
CANSparkFlex object created for CAN ID 4, which is not a SPARK Flex. Some functionalities may not work.
Warning at com.revrobotics.spark.SparkFlex.<init>(SparkFlex.java:65): CANSparkFlex object created for CAN ID 4, which is not a SPARK Flex. Some functionalities may not work.
at com.revrobotics.spark.SparkFlex.<init>(SparkFlex.java:65)
at frc.robot.SwerveModule.<init>(SwerveModule.java:64)
at frc.robot.subsystems.DriveSubsystem.<init>(DriveSubsystem.java:30)
at frc.robot.RobotContainer.<init>(RobotContainer.java:43)
at frc.robot.Robot.robotInit(Robot.java:23)
at edu.wpi.first.wpilibj.TimedRobot.startCompetition(TimedRobot.java:126)
at edu.wpi.first.wpilibj.RobotBase.runRobot(RobotBase.java:436)
at edu.wpi.first.wpilibj.RobotBase.startRobot(RobotBase.java:527)
at frc.robot.Main.main(Main.java:9)
[Spark Flex] IDs: 4, timed out while waiting for Getting SPARK Model failed. Unable to account for device-specific behavior differences.
[Spark Flex] IDs: 7, Unable to retrieve SPARK firmware version. Please verify the deviceID field matches the configured CAN ID of the controller, and that the controller is connected to the CAN Bus.
[phoenix] Library initialization is complete.
CANSparkFlex object created for CAN ID 7, which is not a SPARK Flex. Some functionalities may not work.
Warning at com.revrobotics.spark.SparkFlex.<init>(SparkFlex.java:65): CANSparkFlex object created for CAN ID 7, which is not a SPARK Flex. Some functionalities may not work.
at com.revrobotics.spark.SparkFlex.<init>(SparkFlex.java:65)
at frc.robot.SwerveModule.<init>(SwerveModule.java:65)
at frc.robot.subsystems.DriveSubsystem.<init>(DriveSubsystem.java:36)
at frc.robot.RobotContainer.<init>(RobotContainer.java:43)
at frc.robot.Robot.robotInit(Robot.java:23)
at edu.wpi.first.wpilibj.TimedRobot.startCompetition(TimedRobot.java:126)
at edu.wpi.first.wpilibj.RobotBase.runRobot(RobotBase.java:436)
at edu.wpi.first.wpilibj.RobotBase.startRobot(RobotBase.java:527)
at frc.robot.Main.main(Main.java:9)
Could not transmit CAN Frame.
[Spark Flex] IDs: 7, timed out while waiting for Period Status 0: HAL: CAN Receive has Timed Out
[Spark Flex] IDs: 12, Unable to retrieve SPARK firmware version. Please verify the deviceID field matches the configured CAN ID of the controller, and that the controller is connected to the CAN Bus.
[phoenix-diagnostics] Server 2026.1.1 (Jan 23 2026, 23:30:20) running on port: 1250
[phoenix] Signal Logger Started (Network: rio)
CANSparkFlex object created for CAN ID 12, which is not a SPARK Flex. Some functionalities may not work.
Warning at com.revrobotics.spark.SparkFlex.<init>(SparkFlex.java:65): CANSparkFlex object created for CAN ID 12, which is not a SPARK Flex. Some functionalities may not work.
at com.revrobotics.spark.SparkFlex.<init>(SparkFlex.java:65)
at frc.robot.SwerveModule.<init>(SwerveModule.java:64)
at frc.robot.subsystems.DriveSubsystem.<init>(DriveSubsystem.java:42)
at frc.robot.RobotContainer.<init>(RobotContainer.java:43)
at frc.robot.Robot.robotInit(Robot.java:23)
at edu.wpi.first.wpilibj.TimedRobot.startCompetition(TimedRobot.java:126)
at edu.wpi.first.wpilibj.RobotBase.runRobot(RobotBase.java:436)
at edu.wpi.first.wpilibj.RobotBase.startRobot(RobotBase.java:527)
at frc.robot.Main.main(Main.java:9)
[Spark Flex] IDs: 12, timed out while waiting for Getting SPARK Model failed. Unable to account for device-specific behavior differences.
Could not find an ADIS16470; got product ID 0
Error at edu.wpi.first.wpilibj.ADIS16470_IMU.switchToStandardSPI(ADIS16470_IMU.java:488): Could not find an ADIS16470; got product ID 0
Finished cleaning up after the IMU driver.
Instantiating NavX on roboRIO MXP Port.
NavX: Library for FRC
Unhandled exception: java.lang.IllegalStateException: A CANSparkMax instance has already been created with this device ID: 8
Error at com.revrobotics.spark.SparkLowLevel.<init>(SparkLowLevel.java:233): Unhandled exception: java.lang.IllegalStateException: A CANSparkMax instance has already been created with this device ID: 8
at com.revrobotics.spark.SparkLowLevel.<init>(SparkLowLevel.java:233)
at com.revrobotics.spark.SparkBase.<init>(SparkBase.java:174)
at com.revrobotics.spark.SparkFlex.<init>(SparkFlex.java:61)
The robot program quit unexpectedly. This is usually due to a code error.
The above stacktrace can help determine where the error occurred.
See https://wpilib.org/stacktrace for more information.
at frc.robot.SwerveModule.<init>(SwerveModule.java:64)
at frc.robot.subsystems.DriveSubsystem.<init>(DriveSubsystem.java:24)
at frc.robot.RobotContainer.<init>(RobotContainer.java:44)
at frc.robot.Robot.robotInit(Robot.java:23)
at edu.wpi.first.wpilibj.TimedRobot.startCompetition(TimedRobot.java:126)
at edu.wpi.first.wpilibj.RobotBase.runRobot(RobotBase.java:436)
at edu.wpi.first.wpilibj.RobotBase.startRobot(RobotBase.java:527)
at frc.robot.Main.main(Main.java:9)
Warning at edu.wpi.first.wpilibj.RobotBase.runRobot(RobotBase.java:450): The robot program quit unexpectedly. This is usually due to a code error.
The above stacktrace can help determine where the error occurred.
See https://wpilib.org/stacktrace for more information.
The startCompetition() method (or methods called by it) should have handled the exception above.
Error at edu.wpi.first.wpilibj.RobotBase.runRobot(RobotBase.java:457): The startCompetition() method (or methods called by it) should have handled the exception above.
********** Robot program starting **********
NT: Listening on NT3 port 1735, NT4 port 5810
NT: Got a NT3 connection from 172.22.11.1 port 58253
NT: CONNECTED NT3 client 'SmartDashboard-NT3@172.22.11.1:58253' (from 172.22.11.1:58253)
StatusLogger: It is not recommended to log to RoboRIO internal storage. Plug in a flash drive.
StatusLogger: Logging REVLOG to '/home/lvuser/logs/REV_TBD_2fa889380cbe9d9f.revlog'
StatusLogger: Renamed REVLOG from 'REV_TBD_2fa889380cbe9d9f.revlog' to 'REV_20260220_215208.revlog' at '/home/lvuser/logs/REV_20260220_215208.revlog'
Could not transmit CAN Frame.
[Spark Flex] IDs: 4, timed out while waiting for Get Motor Interface: HAL: CAN Receive has Timed Out
[Spark Flex] IDs: 4, Unable to retrieve SPARK firmware version. Please verify the deviceID field matches the configured CAN ID of the controller, and that the controller is connected to the CAN Bus.
CANSparkFlex object created for CAN ID 4, which is not a SPARK Flex. Some functionalities may not work.
Warning at com.revrobotics.spark.SparkFlex.<init>(SparkFlex.java:65): CANSparkFlex object created for CAN ID 4, which is not a SPARK Flex. Some functionalities may not work.
at com.revrobotics.spark.SparkFlex.<init>(SparkFlex.java:65)
at frc.robot.SwerveModule.<init>(SwerveModule.java:64)
at frc.robot.subsystems.DriveSubsystem.<init>(DriveSubsystem.java:30)
at frc.robot.RobotContainer.<init>(RobotContainer.java:43)
at frc.robot.Robot.robotInit(Robot.java:23)
at edu.wpi.first.wpilibj.TimedRobot.startCompetition(TimedRobot.java:126)
at edu.wpi.first.wpilibj.RobotBase.runRobot(RobotBase.java:436)
at edu.wpi.first.wpilibj.RobotBase.startRobot(RobotBase.java:527)
at frc.robot.Main.main(Main.java:9)
[Spark Flex] IDs: 4, timed out while waiting for Getting SPARK Model failed. Unable to account for device-specific behavior differences.
[Spark Flex] IDs: 7, Unable to retrieve SPARK firmware version. Please verify the deviceID field matches the configured CAN ID of the controller, and that the controller is connected to the CAN Bus.
[phoenix] Library initialization is complete.
CANSparkFlex object created for CAN ID 7, which is not a SPARK Flex. Some functionalities may not work.
Warning at com.revrobotics.spark.SparkFlex.<init>(SparkFlex.java:65): CANSparkFlex object created for CAN ID 7, which is not a SPARK Flex. Some functionalities may not work.
at com.revrobotics.spark.SparkFlex.<init>(SparkFlex.java:65)
at frc.robot.SwerveModule.<init>(SwerveModule.java:65)
at frc.robot.subsystems.DriveSubsystem.<init>(DriveSubsystem.java:36)
at frc.robot.RobotContainer.<init>(RobotContainer.java:43)
at frc.robot.Robot.robotInit(Robot.java:23)
at edu.wpi.first.wpilibj.TimedRobot.startCompetition(TimedRobot.java:126)
at edu.wpi.first.wpilibj.RobotBase.runRobot(RobotBase.java:436)
at edu.wpi.first.wpilibj.RobotBase.startRobot(RobotBase.java:527)
at frc.robot.Main.main(Main.java:9)
Could not transmit CAN Frame.
[Spark Flex] IDs: 7, timed out while waiting for Period Status 0: HAL: CAN Receive has Timed Out
[Spark Flex] IDs: 12, Unable to retrieve SPARK firmware version. Please verify the deviceID field matches the configured CAN ID of the controller, and that the controller is connected to the CAN Bus.
[phoenix-diagnostics] Server 2026.1.1 (Jan 23 2026, 23:30:20) running on port: 1250
[phoenix] Signal Logger Started (Network: rio)
CANSparkFlex object created for CAN ID 12, which is not a SPARK Flex. Some functionalities may not work.
Warning at com.revrobotics.spark.SparkFlex.<init>(SparkFlex.java:65): CANSparkFlex object created for CAN ID 12, which is not a SPARK Flex. Some functionalities may not work.
at com.revrobotics.spark.SparkFlex.<init>(SparkFlex.java:65)
at frc.robot.SwerveModule.<init>(SwerveModule.java:64)
at frc.robot.subsystems.DriveSubsystem.<init>(DriveSubsystem.java:42)
at frc.robot.RobotContainer.<init>(RobotContainer.java:43)
at frc.robot.Robot.robotInit(Robot.java:23)
at edu.wpi.first.wpilibj.TimedRobot.startCompetition(TimedRobot.java:126)
at edu.wpi.first.wpilibj.RobotBase.runRobot(RobotBase.java:436)
at edu.wpi.first.wpilibj.RobotBase.startRobot(RobotBase.java:527)
at frc.robot.Main.main(Main.java:9)
[Spark Flex] IDs: 12, timed out while waiting for Getting SPARK Model failed. Unable to account for device-specific behavior differences.
Could not find an ADIS16470; got product ID 0
Error at edu.wpi.first.wpilibj.ADIS16470_IMU.switchToStandardSPI(ADIS16470_IMU.java:488): Could not find an ADIS16470; got product ID 0
Finished cleaning up after the IMU driver.
Instantiating NavX on roboRIO MXP Port.
NavX: Library for FRC
Unhandled exception: java.lang.IllegalStateException: A CANSparkMax instance has already been created with this device ID: 8
Error at com.revrobotics.spark.SparkLowLevel.<init>(SparkLowLevel.java:233): Unhandled exception: java.lang.IllegalStateException: A CANSparkMax instance has already been created with this device ID: 8
at com.revrobotics.spark.SparkLowLevel.<init>(SparkLowLevel.java:233)
The robot program quit unexpectedly. This is usually due to a code error.
The above stacktrace can help determine where the error occurred.
See https://wpilib.org/stacktrace for more information.
at com.revrobotics.spark.SparkBase.<init>(SparkBase.java:174)
at com.revrobotics.spark.SparkFlex.<init>(SparkFlex.java:61)
at frc.robot.SwerveModule.<init>(SwerveModule.java:64)
at frc.robot.subsystems.DriveSubsystem.<init>(DriveSubsystem.java:24)
at frc.robot.RobotContainer.<init>(RobotContainer.java:44)
at frc.robot.Robot.robotInit(Robot.java:23)
at edu.wpi.first.wpilibj.TimedRobot.startCompetition(TimedRobot.java:126)
at edu.wpi.first.wpilibj.RobotBase.runRobot(RobotBase.java:436)
at edu.wpi.first.wpilibj.RobotBase.startRobot(RobotBase.java:527)
at frc.robot.Main.main(Main.java:9)
Warning at edu.wpi.first.wpilibj.RobotBase.runRobot(RobotBase.java:450): The robot program quit unexpectedly. This is usually due to a code error.
The above stacktrace can help determine where the error occurred.
See https://wpilib.org/stacktrace for more information.
The startCompetition() method (or methods called by it) should have handled the exception above.
Error at edu.wpi.first.wpilibj.RobotBase.runRobot(RobotBase.java:457): The startCompetition() method (or methods called by it) should have handled the exception above.
********** Robot program starting **********
NT: Listening on NT3 port 1735, NT4 port 5810
NT: Got a NT3 connection from 172.22.11.1 port 58264
NT: CONNECTED NT3 client 'SmartDashboard-NT3@172.22.11.1:58264' (from 172.22.11.1:58264)
StatusLogger: It is not recommended to log to RoboRIO internal storage. Plug in a flash drive.
StatusLogger: Logging REVLOG to '/home/lvuser/logs/REV_TBD_cb268529d15e7288.revlog'
StatusLogger: Renamed REVLOG from 'REV_TBD_cb268529d15e7288.revlog' to 'REV_20260220_215219.revlog' at '/home/lvuser/logs/REV_20260220_215219.revlog'
Could not transmit CAN Frame.
[Spark Flex] IDs: 4, timed out while waiting for Get Motor Interface: HAL: CAN Receive has Timed Out
[Spark Flex] IDs: 4, Unable to retrieve SPARK firmware version. Please verify the deviceID field matches the configured CAN ID of the controller, and that the controller is connected to the CAN Bus.
CANSparkFlex object created for CAN ID 4, which is not a SPARK Flex. Some functionalities may not work.
Warning at com.revrobotics.spark.SparkFlex.<init>(SparkFlex.java:65): CANSparkFlex object created for CAN ID 4, which is not a SPARK Flex. Some functionalities may not work.
at com.revrobotics.spark.SparkFlex.<init>(SparkFlex.java:65)
at frc.robot.SwerveModule.<init>(SwerveModule.java:64)
at frc.robot.subsystems.DriveSubsystem.<init>(DriveSubsystem.java:30)
at frc.robot.RobotContainer.<init>(RobotContainer.java:43)
at frc.robot.Robot.robotInit(Robot.java:23)
at edu.wpi.first.wpilibj.TimedRobot.startCompetition(TimedRobot.java:126)
at edu.wpi.first.wpilibj.RobotBase.runRobot(RobotBase.java:436)
at edu.wpi.first.wpilibj.RobotBase.startRobot(RobotBase.java:527)
at frc.robot.Main.main(Main.java:9)
Paused: 2082
Discard
Clear
Don't Show Prints
Switch to Viewer
Don't Show Warnings
Disconnect
Show Timestamps
Save Log
Set Team Number
